// Jest Snapshot v1, https://goo.gl/fbAQLP

exports[`renders correctly 1`] = `
<header>
  <h1
    className="text-3xl font-bold text-pink-500"
  >
    Hello 
    John Doe
  </h1>
  ;
</header>
`;
